[2026-09-29T07:39:51.052Z] [system] Starting dev server
[2026-09-29T07:39:53.732Z] [system:error] Uncaught error: No available port block found (tried 3000–12999)
[2026-09-29T07:39:53.733Z] [system] Shutting down
[2026-09-29T07:39:53.738Z] [system] Shutdown complete
[2026-09-29T07:40:33.053Z] [system] Starting dev server
[2026-09-29T07:40:35.343Z] [system:error] Uncaught error: No available port block found (tried 3000–12999)
[2026-09-29T07:40:35.344Z] [system] Shutting down
[2026-09-29T07:40:35.348Z] [system] Shutdown complete
[2026-09-29T07:42:17.122Z] [system] Starting dev server
[2026-09-29T07:42:20.021Z] [system:error] Uncaught error: No available port block found (tried 3000–12999)
[2026-09-29T07:42:20.022Z] [system] Shutting down
[2026-09-29T07:42:20.025Z] [system] Shutdown complete
[2026-09-29T07:42:52.143Z] [system] Starting dev server
[2026-09-29T07:42:55.167Z] [system:error] Uncaught error: No available port block found (tried 3000–12999)
[2026-09-29T07:42:55.169Z] [system] Shutting down
[2026-09-29T07:42:55.194Z] [system] Shutdown complete
[2026-09-29T07:43:44.727Z] [auth] Registering anonymous agent identity with AuthKit
[2026-09-29T07:43:46.313Z] [auth] Agent registration received: agent_reg_01M3P1X90G609M0KXJZMFHMAJK
[2026-09-29T07:43:46.700Z] [api] API client initialized with base URL: https://api.prod.specific.dev
[2026-09-29T07:43:46.700Z] [api] GET https://api.prod.specific.dev/users/me
[2026-09-29T07:43:47.433Z] [api] Response: 200 OK
[2026-09-29T07:43:47.434Z] [api] GET https://api.prod.specific.dev/agent-registration
[2026-09-29T07:43:47.668Z] [api] Response: 200 OK
[2026-09-29T07:43:47.671Z] [auth] Agent credentials written for user user_02xjzmfjb24fy2tj
[2026-09-29T07:44:00.910Z] [api] API client initialized with base URL: https://api.prod.specific.dev
[2026-09-29T07:44:00.911Z] [api] GET https://api.prod.specific.dev/user/organizations
[2026-09-29T07:44:01.594Z] [api] Response: 200 OK
[2026-09-29T07:44:01.603Z] [api] POST https://api.prod.specific.dev/projects
[2026-09-29T07:44:01.604Z] [api] Request body: {"name":"hk-coolpath-ai","organizationId":"org_0h74ay0p59pcmbq1"}
[2026-09-29T07:44:01.841Z] [api] Response: 201 Created
[2026-09-29T07:44:19.946Z] [api] API client initialized with base URL: https://api.prod.specific.dev
[2026-09-29T07:44:19.947Z] [api] GET https://api.prod.specific.dev/user/projects
[2026-09-29T07:44:20.716Z] [api] Response: 200 OK
[2026-09-29T07:44:20.733Z] [tarball] Context: /Users/kita/Desktop/HKUST/hackathontestrun4, appPath: .
[2026-09-29T07:44:20.847Z] [tarball] Creating tarball using tar-vern (non-git project)
[2026-09-29T07:44:23.575Z] [tarball] Collected 22796 paths to archive
[2026-09-29T07:51:05.747Z] [tarball] Tar archive created: 487623868 bytes
[2026-09-29T07:51:06.023Z] [api] POST https://api.prod.specific.dev/deployments
[2026-09-29T07:51:06.023Z] [api] Request body: {"projectId":"proj_0pd3y3hq875481g3","environment":"env_0zf5echx7ns4gz4v","triggeredBy":"cli"}
[2026-09-29T07:51:08.356Z] [api] Response: 201 Created
[2026-09-29T07:51:08.357Z] [api] PUT <presigned> (487623868 bytes)
[2026-09-29T07:52:48.332Z] [api] Response: 200 OK
[2026-09-29T07:52:48.336Z] [api] POST https://api.prod.specific.dev/deployments/depl_07w1hdms3vfv7dxf/uploaded (appPath: .)
[2026-09-29T07:53:11.382Z] [api] Response: 200 OK
[2026-09-29T07:53:13.391Z] [api] GET https://api.prod.specific.dev/deployments/depl_07w1hdms3vfv7dxf
[2026-09-29T07:53:13.680Z] [api] Response: 200 OK
[2026-09-29T07:53:53.619Z] [api] API client initialized with base URL: https://api.prod.specific.dev
[2026-09-29T07:53:53.620Z] [api] GET https://api.prod.specific.dev/user/projects
[2026-09-29T07:53:54.355Z] [api] Response: 200 OK
[2026-09-29T07:53:54.358Z] [tarball] Context: /Users/kita/Desktop/HKUST/hackathontestrun4, appPath: .
[2026-09-29T07:53:54.397Z] [tarball] Creating tarball using tar-vern (non-git project)
[2026-09-29T07:53:56.297Z] [tarball] Collected 22796 paths to archive
[2026-09-29T08:01:35.042Z] [tarball] Tar archive created: 487623608 bytes
[2026-09-29T08:01:35.205Z] [api] POST https://api.prod.specific.dev/deployments
[2026-09-29T08:01:35.205Z] [api] Request body: {"projectId":"proj_0pd3y3hq875481g3","environment":"env_0zf5echx7ns4gz4v","triggeredBy":"cli"}
[2026-09-29T08:01:37.719Z] [api] Response: 201 Created
[2026-09-29T08:01:37.721Z] [api] PUT <presigned> (487623608 bytes)
[2026-09-29T08:03:18.176Z] [api] Response: 200 OK
[2026-09-29T08:03:18.178Z] [api] POST https://api.prod.specific.dev/deployments/depl_0k755gf23b1pxcmq/uploaded (appPath: .)
[2026-09-29T08:03:41.310Z] [api] Response: 200 OK
[2026-09-29T08:03:43.323Z] [api] GET https://api.prod.specific.dev/deployments/depl_0k755gf23b1pxcmq
[2026-09-29T08:03:43.600Z] [api] Response: 200 OK
[2026-09-29T08:03:43.603Z] [api] PUT https://api.prod.specific.dev/deployments/depl_0k755gf23b1pxcmq/configs (2 configs: data_mode, hko_base_url)
[2026-09-29T08:03:44.039Z] [api] Response: 200 OK
[2026-09-29T08:03:46.047Z] [api] GET https://api.prod.specific.dev/deployments/depl_0k755gf23b1pxcmq
[2026-09-29T08:04:23.638Z] [api] API client initialized with base URL: https://api.prod.specific.dev
[2026-09-29T08:04:23.639Z] [api] GET https://api.prod.specific.dev/projects/proj_0pd3y3hq875481g3/status
[2026-09-29T08:04:24.519Z] [api] Response: 200 OK
[2026-09-29T08:04:44.064Z] [api] API client initialized with base URL: https://api.prod.specific.dev
[2026-09-29T08:04:44.067Z] [api] GET https://api.prod.specific.dev/deployments/depl_0k755gf23b1pxcmq
[2026-09-29T08:04:44.859Z] [api] Response: 200 OK
[2026-09-29T08:04:56.288Z] [api] API client initialized with base URL: https://api.prod.specific.dev
[2026-09-29T08:04:56.289Z] [api] GET https://api.prod.specific.dev/deployments/depl_0k755gf23b1pxcmq
[2026-09-29T08:04:57.034Z] [api] Response: 200 OK
[2026-09-29T08:05:40.857Z] [api] API client initialized with base URL: https://api.prod.specific.dev
[2026-09-29T08:05:40.858Z] [api] GET https://api.prod.specific.dev/user/projects
[2026-09-29T08:05:41.722Z] [api] Response: 200 OK
[2026-09-29T08:05:41.731Z] [tarball] Context: /Users/kita/Desktop/HKUST/hackathontestrun4, appPath: .
[2026-09-29T08:05:41.769Z] [tarball] Creating tarball using tar-vern (non-git project)
[2026-09-29T08:05:47.553Z] [tarball] Collected 22796 paths to archive
[2026-09-29T08:15:47.365Z] [api] API client initialized with base URL: https://api.prod.specific.dev
[2026-09-29T08:15:47.370Z] [api] GET https://api.prod.specific.dev/projects/proj_0pd3y3hq875481g3/status
[2026-09-29T08:15:49.933Z] [api] Response: 200 OK
[2026-09-29T08:15:49.935Z] [api] GET https://api.prod.specific.dev/deployments/depl_0k755gf23b1pxcmq
[2026-09-29T08:15:50.214Z] [api] Response: 200 OK
[2026-09-29T08:16:39.294Z] [api] API client initialized with base URL: https://api.prod.specific.dev
[2026-09-29T08:16:39.295Z] [api] GET https://api.prod.specific.dev/user/projects
[2026-09-29T08:16:41.281Z] [api] Response: 200 OK
[2026-09-29T08:16:41.284Z] [tarball] Context: /Users/kita/Desktop/HKUST/hackathontestrun4, appPath: .
[2026-09-29T08:16:41.380Z] [tarball] Creating tarball using tar-vern (non-git project)
[2026-09-29T08:17:04.959Z] [tarball] Collected 22796 paths to archive
[2026-09-29T08:18:43.071Z] [api] API client initialized with base URL: https://api.prod.specific.dev
[2026-09-29T08:18:43.072Z] [api] GET https://api.prod.specific.dev/user/projects
[2026-09-29T08:18:44.018Z] [api] Response: 200 OK
[2026-09-29T08:18:44.021Z] [tarball] Context: /Users/kita/Desktop/HKUST/hackathontestrun4, appPath: .
[2026-09-29T08:18:44.104Z] [tarball] Creating tarball using tar-vern (non-git project)
[2026-09-29T08:19:20.975Z] [tarball] Collected 22796 paths to archive
[2026-09-29T08:45:33.572Z] [api] API client initialized with base URL: https://api.prod.specific.dev
[2026-09-29T08:45:33.600Z] [api] GET https://api.prod.specific.dev/projects/proj_0pd3y3hq875481g3/status
[2026-09-29T08:45:37.499Z] [api] Response: 200 OK
[2026-09-29T08:45:37.686Z] [api] GET https://api.prod.specific.dev/deployments/depl_0k755gf23b1pxcmq
[2026-09-29T08:45:37.957Z] [api] Response: 200 OK
[2026-09-29T09:10:46.614Z] [api] API client initialized with base URL: https://api.prod.specific.dev
[2026-09-29T09:10:46.615Z] [api] GET https://api.prod.specific.dev/user/projects
[2026-09-29T09:10:47.366Z] [api] Response: 200 OK
[2026-09-29T09:10:47.368Z] [tarball] Context: /Users/kita/Desktop/HKUST/hackathontestrun4, appPath: .
[2026-09-29T09:10:47.439Z] [tarball] Creating tarball using git ls-files
[2026-09-29T09:10:47.465Z] [tarball] Found 263 files, 263 after filtering .specific
[2026-09-29T09:10:48.014Z] [tarball] Tarball created: 3324792 bytes
[2026-09-29T09:10:48.055Z] [api] POST https://api.prod.specific.dev/deployments
[2026-09-29T09:10:48.055Z] [api] Request body: {"projectId":"proj_0pd3y3hq875481g3","environment":"env_0zf5echx7ns4gz4v","triggeredBy":"cli","gitCommitSha":"c2ba2a63db02987aa75e04fd3d9e9cbf451136c6","gitBranch":"feature/heatmap-rebuild","gitCommitMessage":"feat: wire the tall-building overlay to real data\n\nThe \"Tall-building areas\" toggle existed but nothing fed its layer - the\nsame trust bug as the jargon labels. Now it shows the high-rise cells\n(buildingDensity >= 0.5) from the same physics grid, so every toggle does\nexactly what its label says.\n\nGenerated with Codebuff\nCo-Authored-By: Codebuff <noreply@codebuff.com>"}
[2026-09-29T09:10:48.331Z] [api] Response: 201 Created
[2026-09-29T09:10:48.332Z] [api] PUT <presigned> (3324792 bytes)
[2026-09-29T09:10:50.661Z] [api] Response: 200 OK
[2026-09-29T09:10:50.661Z] [api] POST https://api.prod.specific.dev/deployments/depl_0rtdpf3hqchsj64j/uploaded (appPath: .)
[2026-09-29T09:10:51.633Z] [api] Response: 200 OK
[2026-09-29T09:10:53.636Z] [api] GET https://api.prod.specific.dev/deployments/depl_0rtdpf3hqchsj64j
[2026-09-29T09:10:54.191Z] [api] Response: 200 OK
[2026-09-29T09:10:56.193Z] [api] GET https://api.prod.specific.dev/deployments/depl_0rtdpf3hqchsj64j
[2026-09-29T09:10:56.455Z] [api] Response: 200 OK
[2026-09-29T09:10:58.458Z] [api] GET https://api.prod.specific.dev/deployments/depl_0rtdpf3hqchsj64j
[2026-09-29T09:10:58.714Z] [api] Response: 200 OK
[2026-09-29T09:11:00.716Z] [api] GET https://api.prod.specific.dev/deployments/depl_0rtdpf3hqchsj64j
[2026-09-29T09:11:00.954Z] [api] Response: 200 OK
[2026-09-29T09:11:02.957Z] [api] GET https://api.prod.specific.dev/deployments/depl_0rtdpf3hqchsj64j
[2026-09-29T09:11:03.186Z] [api] Response: 200 OK
[2026-09-29T09:11:05.190Z] [api] GET https://api.prod.specific.dev/deployments/depl_0rtdpf3hqchsj64j
[2026-09-29T09:11:05.443Z] [api] Response: 200 OK
[2026-09-29T09:11:07.446Z] [api] GET https://api.prod.specific.dev/deployments/depl_0rtdpf3hqchsj64j
[2026-09-29T09:11:07.693Z] [api] Response: 200 OK
[2026-09-29T09:11:09.695Z] [api] GET https://api.prod.specific.dev/deployments/depl_0rtdpf3hqchsj64j
[2026-09-29T09:11:10.004Z] [api] Response: 200 OK
[2026-09-29T09:11:12.008Z] [api] GET https://api.prod.specific.dev/deployments/depl_0rtdpf3hqchsj64j
[2026-09-29T09:11:12.243Z] [api] Response: 200 OK
[2026-09-29T09:11:14.243Z] [api] GET https://api.prod.specific.dev/deployments/depl_0rtdpf3hqchsj64j
[2026-09-29T09:11:14.566Z] [api] Response: 200 OK
[2026-09-29T09:11:16.568Z] [api] GET https://api.prod.specific.dev/deployments/depl_0rtdpf3hqchsj64j
[2026-09-29T09:11:16.922Z] [api] Response: 200 OK
[2026-09-29T09:11:18.925Z] [api] GET https://api.prod.specific.dev/deployments/depl_0rtdpf3hqchsj64j
[2026-09-29T09:11:19.283Z] [api] Response: 200 OK
[2026-09-29T09:11:21.285Z] [api] GET https://api.prod.specific.dev/deployments/depl_0rtdpf3hqchsj64j
[2026-09-29T09:11:21.528Z] [api] Response: 200 OK
[2026-09-29T09:11:23.531Z] [api] GET https://api.prod.specific.dev/deployments/depl_0rtdpf3hqchsj64j
[2026-09-29T09:11:23.771Z] [api] Response: 200 OK
[2026-09-29T09:11:25.774Z] [api] GET https://api.prod.specific.dev/deployments/depl_0rtdpf3hqchsj64j
[2026-09-29T09:11:26.038Z] [api] Response: 200 OK
[2026-09-29T09:11:28.041Z] [api] GET https://api.prod.specific.dev/deployments/depl_0rtdpf3hqchsj64j
[2026-09-29T09:11:28.393Z] [api] Response: 200 OK
[2026-09-29T09:11:30.395Z] [api] GET https://api.prod.specific.dev/deployments/depl_0rtdpf3hqchsj64j
[2026-09-29T09:11:30.648Z] [api] Response: 200 OK
[2026-09-29T09:11:32.650Z] [api] GET https://api.prod.specific.dev/deployments/depl_0rtdpf3hqchsj64j
[2026-09-29T09:11:32.885Z] [api] Response: 200 OK
[2026-09-29T09:11:34.892Z] [api] GET https://api.prod.specific.dev/deployments/depl_0rtdpf3hqchsj64j
[2026-09-29T09:11:35.154Z] [api] Response: 200 OK
[2026-09-29T09:11:35.155Z] [api] POST https://api.prod.specific.dev/deployments/depl_0rtdpf3hqchsj64j/start
[2026-09-29T09:11:35.489Z] [api] Response: 200 OK
[2026-09-29T09:11:35.489Z] [api] GET https://api.prod.specific.dev/deployments/depl_0rtdpf3hqchsj64j
[2026-09-29T09:11:35.704Z] [api] Response: 200 OK
[2026-09-29T09:11:37.707Z] [api] GET https://api.prod.specific.dev/deployments/depl_0rtdpf3hqchsj64j
[2026-09-29T09:11:38.018Z] [api] Response: 200 OK
[2026-09-29T09:11:40.020Z] [api] GET https://api.prod.specific.dev/deployments/depl_0rtdpf3hqchsj64j
[2026-09-29T09:11:40.374Z] [api] Response: 200 OK
[2026-09-29T09:11:42.376Z] [api] GET https://api.prod.specific.dev/deployments/depl_0rtdpf3hqchsj64j
[2026-09-29T09:11:42.600Z] [api] Response: 200 OK
[2026-09-29T09:11:44.602Z] [api] GET https://api.prod.specific.dev/deployments/depl_0rtdpf3hqchsj64j
[2026-09-29T09:11:45.218Z] [api] Response: 200 OK
[2026-09-29T09:11:47.221Z] [api] GET https://api.prod.specific.dev/deployments/depl_0rtdpf3hqchsj64j
[2026-09-29T09:11:47.542Z] [api] Response: 200 OK
[2026-09-29T09:11:49.545Z] [api] GET https://api.prod.specific.dev/deployments/depl_0rtdpf3hqchsj64j
[2026-09-29T09:11:49.756Z] [api] Response: 200 OK
[2026-09-29T09:11:49.757Z] [api] API client initialized with base URL: https://api.prod.specific.dev
[2026-09-29T09:11:49.757Z] [api] GET https://api.prod.specific.dev/agent-registration
[2026-09-29T09:11:49.960Z] [api] Response: 200 OK
[2026-09-29T09:24:28.034Z] [api] API client initialized with base URL: https://api.prod.specific.dev
[2026-09-29T09:24:28.035Z] [api] GET https://api.prod.specific.dev/user/projects
[2026-09-29T09:24:28.715Z] [api] Response: 200 OK
[2026-09-29T09:24:28.717Z] [tarball] Context: /Users/kita/Desktop/HKUST/hackathontestrun4, appPath: .
[2026-09-29T09:24:28.754Z] [tarball] Creating tarball using git ls-files
[2026-09-29T09:24:28.794Z] [tarball] Found 263 files, 263 after filtering .specific
[2026-09-29T09:24:29.669Z] [tarball] Tarball created: 3324876 bytes
[2026-09-29T09:24:29.718Z] [api] POST https://api.prod.specific.dev/deployments
[2026-09-29T09:24:29.718Z] [api] Request body: {"projectId":"proj_0pd3y3hq875481g3","environment":"env_0zf5echx7ns4gz4v","triggeredBy":"cli","gitCommitSha":"c2ba2a63db02987aa75e04fd3d9e9cbf451136c6","gitBranch":"feature/heatmap-rebuild","gitCommitMessage":"feat: wire the tall-building overlay to real data\n\nThe \"Tall-building areas\" toggle existed but nothing fed its layer - the\nsame trust bug as the jargon labels. Now it shows the high-rise cells\n(buildingDensity >= 0.5) from the same physics grid, so every toggle does\nexactly what its label says.\n\nGenerated with Codebuff\nCo-Authored-By: Codebuff <noreply@codebuff.com>"}
[2026-09-29T09:24:29.983Z] [api] Response: 201 Created
[2026-09-29T09:24:29.984Z] [api] PUT <presigned> (3324876 bytes)
[2026-09-29T09:24:32.809Z] [api] Response: 200 OK
[2026-09-29T09:24:32.809Z] [api] POST https://api.prod.specific.dev/deployments/depl_0z74r7h6pwwzyekr/uploaded (appPath: .)
[2026-09-29T09:24:33.865Z] [api] Response: 200 OK
[2026-09-29T09:24:35.867Z] [api] GET https://api.prod.specific.dev/deployments/depl_0z74r7h6pwwzyekr
[2026-09-29T09:24:36.155Z] [api] Response: 200 OK
[2026-09-29T09:24:38.158Z] [api] GET https://api.prod.specific.dev/deployments/depl_0z74r7h6pwwzyekr
[2026-09-29T09:24:38.385Z] [api] Response: 200 OK
[2026-09-29T09:24:40.387Z] [api] GET https://api.prod.specific.dev/deployments/depl_0z74r7h6pwwzyekr
[2026-09-29T09:24:40.639Z] [api] Response: 200 OK
[2026-09-29T09:24:42.640Z] [api] GET https://api.prod.specific.dev/deployments/depl_0z74r7h6pwwzyekr
[2026-09-29T09:24:42.995Z] [api] Response: 200 OK
[2026-09-29T09:24:44.997Z] [api] GET https://api.prod.specific.dev/deployments/depl_0z74r7h6pwwzyekr
[2026-09-29T09:24:45.350Z] [api] Response: 200 OK
[2026-09-29T09:24:47.351Z] [api] GET https://api.prod.specific.dev/deployments/depl_0z74r7h6pwwzyekr
[2026-09-29T09:24:47.602Z] [api] Response: 200 OK
[2026-09-29T09:24:49.605Z] [api] GET https://api.prod.specific.dev/deployments/depl_0z74r7h6pwwzyekr
[2026-09-29T09:24:49.830Z] [api] Response: 200 OK
[2026-09-29T09:24:51.833Z] [api] GET https://api.prod.specific.dev/deployments/depl_0z74r7h6pwwzyekr
[2026-09-29T09:24:52.210Z] [api] Response: 200 OK
[2026-09-29T09:24:54.211Z] [api] GET https://api.prod.specific.dev/deployments/depl_0z74r7h6pwwzyekr
[2026-09-29T09:24:54.513Z] [api] Response: 200 OK
[2026-09-29T09:24:56.514Z] [api] GET https://api.prod.specific.dev/deployments/depl_0z74r7h6pwwzyekr
[2026-09-29T09:24:56.739Z] [api] Response: 200 OK
[2026-09-29T09:24:58.742Z] [api] GET https://api.prod.specific.dev/deployments/depl_0z74r7h6pwwzyekr
[2026-09-29T09:24:59.069Z] [api] Response: 200 OK
[2026-09-29T09:25:01.071Z] [api] GET https://api.prod.specific.dev/deployments/depl_0z74r7h6pwwzyekr
[2026-09-29T09:25:01.382Z] [api] Response: 200 OK
[2026-09-29T09:25:03.391Z] [api] GET https://api.prod.specific.dev/deployments/depl_0z74r7h6pwwzyekr
[2026-09-29T09:25:03.645Z] [api] Response: 200 OK
[2026-09-29T09:25:05.647Z] [api] GET https://api.prod.specific.dev/deployments/depl_0z74r7h6pwwzyekr
[2026-09-29T09:25:05.870Z] [api] Response: 200 OK
[2026-09-29T09:25:07.871Z] [api] GET https://api.prod.specific.dev/deployments/depl_0z74r7h6pwwzyekr
[2026-09-29T09:25:08.142Z] [api] Response: 200 OK
[2026-09-29T09:25:08.143Z] [api] POST https://api.prod.specific.dev/deployments/depl_0z74r7h6pwwzyekr/start
[2026-09-29T09:25:08.447Z] [api] Response: 200 OK
[2026-09-29T09:25:08.447Z] [api] GET https://api.prod.specific.dev/deployments/depl_0z74r7h6pwwzyekr
[2026-09-29T09:25:08.669Z] [api] Response: 200 OK
[2026-09-29T09:25:10.671Z] [api] GET https://api.prod.specific.dev/deployments/depl_0z74r7h6pwwzyekr
[2026-09-29T09:25:10.893Z] [api] Response: 200 OK
[2026-09-29T09:25:12.894Z] [api] GET https://api.prod.specific.dev/deployments/depl_0z74r7h6pwwzyekr
[2026-09-29T09:25:13.227Z] [api] Response: 200 OK
[2026-09-29T09:25:15.229Z] [api] GET https://api.prod.specific.dev/deployments/depl_0z74r7h6pwwzyekr
[2026-09-29T09:25:15.489Z] [api] Response: 200 OK
[2026-09-29T09:25:17.490Z] [api] GET https://api.prod.specific.dev/deployments/depl_0z74r7h6pwwzyekr
[2026-09-29T09:25:17.798Z] [api] Response: 200 OK
[2026-09-29T09:25:19.800Z] [api] GET https://api.prod.specific.dev/deployments/depl_0z74r7h6pwwzyekr
[2026-09-29T09:25:20.026Z] [api] Response: 200 OK
[2026-09-29T09:25:22.028Z] [api] GET https://api.prod.specific.dev/deployments/depl_0z74r7h6pwwzyekr
[2026-09-29T09:25:22.299Z] [api] Response: 200 OK
[2026-09-29T09:25:24.301Z] [api] GET https://api.prod.specific.dev/deployments/depl_0z74r7h6pwwzyekr
[2026-09-29T09:25:24.568Z] [api] Response: 200 OK
[2026-09-29T09:25:24.569Z] [api] API client initialized with base URL: https://api.prod.specific.dev
[2026-09-29T09:25:24.569Z] [api] GET https://api.prod.specific.dev/agent-registration
[2026-09-29T09:25:24.787Z] [api] Response: 200 OK
[2026-09-29T09:35:12.338Z] [api] API client initialized with base URL: https://api.prod.specific.dev
[2026-09-29T09:35:12.340Z] [api] GET https://api.prod.specific.dev/user/projects
[2026-09-29T09:35:13.222Z] [api] Response: 200 OK
[2026-09-29T09:35:13.225Z] [tarball] Context: /Users/kita/Desktop/HKUST/hackathontestrun4, appPath: .
[2026-09-29T09:35:13.283Z] [tarball] Creating tarball using git ls-files
[2026-09-29T09:35:13.341Z] [tarball] Found 263 files, 263 after filtering .specific
[2026-09-29T09:35:14.709Z] [tarball] Tarball created: 3324994 bytes
[2026-09-29T09:35:14.787Z] [api] POST https://api.prod.specific.dev/deployments
[2026-09-29T09:35:14.787Z] [api] Request body: {"projectId":"proj_0pd3y3hq875481g3","environment":"env_0zf5echx7ns4gz4v","triggeredBy":"cli","gitCommitSha":"c2ba2a63db02987aa75e04fd3d9e9cbf451136c6","gitBranch":"feature/heatmap-rebuild","gitCommitMessage":"feat: wire the tall-building overlay to real data\n\nThe \"Tall-building areas\" toggle existed but nothing fed its layer - the\nsame trust bug as the jargon labels. Now it shows the high-rise cells\n(buildingDensity >= 0.5) from the same physics grid, so every toggle does\nexactly what its label says.\n\nGenerated with Codebuff\nCo-Authored-By: Codebuff <noreply@codebuff.com>"}
[2026-09-29T09:35:15.059Z] [api] Response: 201 Created
[2026-09-29T09:35:15.060Z] [api] PUT <presigned> (3324994 bytes)
[2026-09-29T09:35:17.896Z] [api] Response: 200 OK
[2026-09-29T09:35:17.896Z] [api] POST https://api.prod.specific.dev/deployments/depl_0gzckbkem8hv57p0/uploaded (appPath: .)
[2026-09-29T09:35:18.990Z] [api] Response: 200 OK
[2026-09-29T09:35:20.996Z] [api] GET https://api.prod.specific.dev/deployments/depl_0gzckbkem8hv57p0
[2026-09-29T09:35:21.226Z] [api] Response: 200 OK
[2026-09-29T09:35:23.229Z] [api] GET https://api.prod.specific.dev/deployments/depl_0gzckbkem8hv57p0
[2026-09-29T09:35:23.482Z] [api] Response: 200 OK
[2026-09-29T09:35:25.484Z] [api] GET https://api.prod.specific.dev/deployments/depl_0gzckbkem8hv57p0
[2026-09-29T09:35:25.703Z] [api] Response: 200 OK
[2026-09-29T09:35:27.704Z] [api] GET https://api.prod.specific.dev/deployments/depl_0gzckbkem8hv57p0
[2026-09-29T09:35:27.924Z] [api] Response: 200 OK
[2026-09-29T09:35:29.925Z] [api] GET https://api.prod.specific.dev/deployments/depl_0gzckbkem8hv57p0
[2026-09-29T09:35:30.147Z] [api] Response: 200 OK
[2026-09-29T09:35:32.148Z] [api] GET https://api.prod.specific.dev/deployments/depl_0gzckbkem8hv57p0
[2026-09-29T09:35:32.390Z] [api] Response: 200 OK
[2026-09-29T09:35:34.391Z] [api] GET https://api.prod.specific.dev/deployments/depl_0gzckbkem8hv57p0
[2026-09-29T09:35:34.614Z] [api] Response: 200 OK
[2026-09-29T09:35:36.617Z] [api] GET https://api.prod.specific.dev/deployments/depl_0gzckbkem8hv57p0
[2026-09-29T09:35:37.048Z] [api] Response: 200 OK
[2026-09-29T09:35:39.050Z] [api] GET https://api.prod.specific.dev/deployments/depl_0gzckbkem8hv57p0
[2026-09-29T09:35:39.334Z] [api] Response: 200 OK
[2026-09-29T09:35:39.336Z] [api] POST https://api.prod.specific.dev/deployments/depl_0gzckbkem8hv57p0/start
[2026-09-29T09:35:39.657Z] [api] Response: 200 OK
[2026-09-29T09:35:39.657Z] [api] GET https://api.prod.specific.dev/deployments/depl_0gzckbkem8hv57p0
[2026-09-29T09:35:39.877Z] [api] Response: 200 OK
[2026-09-29T09:35:41.879Z] [api] GET https://api.prod.specific.dev/deployments/depl_0gzckbkem8hv57p0
[2026-09-29T09:35:42.174Z] [api] Response: 200 OK
[2026-09-29T09:35:44.175Z] [api] GET https://api.prod.specific.dev/deployments/depl_0gzckbkem8hv57p0
[2026-09-29T09:35:44.397Z] [api] Response: 200 OK
[2026-09-29T09:35:46.400Z] [api] GET https://api.prod.specific.dev/deployments/depl_0gzckbkem8hv57p0
[2026-09-29T09:35:46.685Z] [api] Response: 200 OK
[2026-09-29T09:35:48.688Z] [api] GET https://api.prod.specific.dev/deployments/depl_0gzckbkem8hv57p0
[2026-09-29T09:35:48.979Z] [api] Response: 200 OK
[2026-09-29T09:35:50.985Z] [api] GET https://api.prod.specific.dev/deployments/depl_0gzckbkem8hv57p0
[2026-09-29T09:35:51.208Z] [api] Response: 200 OK
[2026-09-29T09:35:53.210Z] [api] GET https://api.prod.specific.dev/deployments/depl_0gzckbkem8hv57p0
[2026-09-29T09:35:53.488Z] [api] Response: 200 OK
[2026-09-29T09:35:53.490Z] [api] API client initialized with base URL: https://api.prod.specific.dev
[2026-09-29T09:35:53.490Z] [api] GET https://api.prod.specific.dev/agent-registration
[2026-09-29T09:35:53.697Z] [api] Response: 200 OK
[2026-09-29T10:54:43.048Z] [api] API client initialized with base URL: https://api.prod.specific.dev
[2026-09-29T10:54:43.049Z] [api] GET https://api.prod.specific.dev/agent-registration
[2026-09-29T10:54:45.287Z] [api] Response: 200 OK
[2026-09-29T10:54:45.288Z] [auth] Starting agent claim for 14523mail@gmail.com
[2026-09-29T10:55:38.013Z] [auth] Completing agent claim
[2026-09-29T10:55:39.669Z] [api] API client initialized with base URL: https://api.prod.specific.dev
[2026-09-29T10:55:39.669Z] [api] POST https://api.prod.specific.dev/agent-registration/claim
[2026-09-29T10:55:41.187Z] [api] Response: 200 OK
[2026-09-29T10:55:41.188Z] [auth] Agent registration claimed by 14523mail@gmail.com
[2026-09-29T11:00:08.369Z] [api] API client initialized with base URL: https://api.prod.specific.dev
[2026-09-29T11:00:08.371Z] [api] GET https://api.prod.specific.dev/user/projects
[2026-09-29T11:00:09.014Z] [api] Response: 200 OK
[2026-09-29T11:00:09.017Z] [tarball] Context: /Users/kita/Desktop/HKUST/hackathontestrun4, appPath: .
[2026-09-29T11:00:09.113Z] [tarball] Creating tarball using git ls-files
[2026-09-29T11:00:09.175Z] [tarball] Found 263 files, 263 after filtering .specific
[2026-09-29T11:00:11.147Z] [tarball] Tarball created: 3325070 bytes
[2026-09-29T11:00:11.245Z] [api] POST https://api.prod.specific.dev/deployments
[2026-09-29T11:00:11.246Z] [api] Request body: {"projectId":"proj_0pd3y3hq875481g3","environment":"env_0zf5echx7ns4gz4v","triggeredBy":"cli","gitCommitSha":"c2ba2a63db02987aa75e04fd3d9e9cbf451136c6","gitBranch":"feature/heatmap-rebuild","gitCommitMessage":"feat: wire the tall-building overlay to real data\n\nThe \"Tall-building areas\" toggle existed but nothing fed its layer - the\nsame trust bug as the jargon labels. Now it shows the high-rise cells\n(buildingDensity >= 0.5) from the same physics grid, so every toggle does\nexactly what its label says.\n\nGenerated with Codebuff\nCo-Authored-By: Codebuff <noreply@codebuff.com>"}
[2026-09-29T11:00:11.521Z] [api] Response: 201 Created
[2026-09-29T11:00:11.522Z] [api] PUT <presigned> (3325070 bytes)
[2026-09-29T11:00:19.097Z] [api] Response: 200 OK
[2026-09-29T11:00:19.097Z] [api] POST https://api.prod.specific.dev/deployments/depl_0ynvrxnxxcjygg9k/uploaded (appPath: .)
[2026-09-29T11:00:20.323Z] [api] Response: 200 OK
[2026-09-29T11:00:22.330Z] [api] GET https://api.prod.specific.dev/deployments/depl_0ynvrxnxxcjygg9k
[2026-09-29T11:00:22.631Z] [api] Response: 200 OK
[2026-09-29T11:00:24.633Z] [api] GET https://api.prod.specific.dev/deployments/depl_0ynvrxnxxcjygg9k
[2026-09-29T11:00:24.855Z] [api] Response: 200 OK
[2026-09-29T11:00:26.855Z] [api] GET https://api.prod.specific.dev/deployments/depl_0ynvrxnxxcjygg9k
[2026-09-29T11:00:27.135Z] [api] Response: 200 OK
[2026-09-29T11:00:29.140Z] [api] GET https://api.prod.specific.dev/deployments/depl_0ynvrxnxxcjygg9k
[2026-09-29T11:00:29.458Z] [api] Response: 200 OK
[2026-09-29T11:00:31.460Z] [api] GET https://api.prod.specific.dev/deployments/depl_0ynvrxnxxcjygg9k
[2026-09-29T11:00:31.698Z] [api] Response: 200 OK
[2026-09-29T11:00:33.701Z] [api] GET https://api.prod.specific.dev/deployments/depl_0ynvrxnxxcjygg9k
[2026-09-29T11:00:33.951Z] [api] Response: 200 OK
[2026-09-29T11:00:35.953Z] [api] GET https://api.prod.specific.dev/deployments/depl_0ynvrxnxxcjygg9k
[2026-09-29T11:00:36.321Z] [api] Response: 200 OK
[2026-09-29T11:00:38.325Z] [api] GET https://api.prod.specific.dev/deployments/depl_0ynvrxnxxcjygg9k
[2026-09-29T11:00:38.573Z] [api] Response: 200 OK
[2026-09-29T11:00:40.575Z] [api] GET https://api.prod.specific.dev/deployments/depl_0ynvrxnxxcjygg9k
[2026-09-29T11:00:40.798Z] [api] Response: 200 OK
[2026-09-29T11:00:42.800Z] [api] GET https://api.prod.specific.dev/deployments/depl_0ynvrxnxxcjygg9k
[2026-09-29T11:00:43.085Z] [api] Response: 200 OK
[2026-09-29T11:00:45.087Z] [api] GET https://api.prod.specific.dev/deployments/depl_0ynvrxnxxcjygg9k
[2026-09-29T11:00:45.331Z] [api] Response: 200 OK
[2026-09-29T11:00:47.334Z] [api] GET https://api.prod.specific.dev/deployments/depl_0ynvrxnxxcjygg9k
[2026-09-29T11:00:47.580Z] [api] Response: 200 OK
[2026-09-29T11:00:49.582Z] [api] GET https://api.prod.specific.dev/deployments/depl_0ynvrxnxxcjygg9k
[2026-09-29T11:00:49.833Z] [api] Response: 200 OK
[2026-09-29T11:00:49.834Z] [api] POST https://api.prod.specific.dev/deployments/depl_0ynvrxnxxcjygg9k/start
[2026-09-29T11:00:50.254Z] [api] Response: 200 OK
[2026-09-29T11:00:50.254Z] [api] GET https://api.prod.specific.dev/deployments/depl_0ynvrxnxxcjygg9k
[2026-09-29T11:00:50.471Z] [api] Response: 200 OK
[2026-09-29T11:00:52.476Z] [api] GET https://api.prod.specific.dev/deployments/depl_0ynvrxnxxcjygg9k
[2026-09-29T11:00:52.909Z] [api] Response: 200 OK
[2026-09-29T11:00:54.910Z] [api] GET https://api.prod.specific.dev/deployments/depl_0ynvrxnxxcjygg9k
[2026-09-29T11:00:55.164Z] [api] Response: 200 OK
[2026-09-29T11:00:57.169Z] [api] GET https://api.prod.specific.dev/deployments/depl_0ynvrxnxxcjygg9k
[2026-09-29T11:00:57.412Z] [api] Response: 200 OK
[2026-09-29T11:00:59.417Z] [api] GET https://api.prod.specific.dev/deployments/depl_0ynvrxnxxcjygg9k
[2026-09-29T11:00:59.642Z] [api] Response: 200 OK
[2026-09-29T11:01:01.644Z] [api] GET https://api.prod.specific.dev/deployments/depl_0ynvrxnxxcjygg9k
[2026-09-29T11:01:01.955Z] [api] Response: 200 OK
[2026-09-29T11:01:03.958Z] [api] GET https://api.prod.specific.dev/deployments/depl_0ynvrxnxxcjygg9k
[2026-09-29T11:01:04.378Z] [api] Response: 200 OK
[2026-09-29T11:28:50.893Z] [api] API client initialized with base URL: https://api.prod.specific.dev
[2026-09-29T11:28:50.894Z] [api] GET https://api.prod.specific.dev/user/projects
[2026-09-29T11:28:51.555Z] [api] Response: 200 OK
[2026-09-29T11:28:51.564Z] [tarball] Context: /Users/kita/Desktop/HKUST/hackathontestrun4, appPath: .
[2026-09-29T11:28:51.626Z] [tarball] Creating tarball using git ls-files
[2026-09-29T11:28:51.708Z] [tarball] Found 263 files, 263 after filtering .specific
[2026-09-29T11:28:54.422Z] [tarball] Tarball created: 3326205 bytes
[2026-09-29T11:28:54.514Z] [api] POST https://api.prod.specific.dev/deployments
[2026-09-29T11:28:54.514Z] [api] Request body: {"projectId":"proj_0pd3y3hq875481g3","environment":"env_0zf5echx7ns4gz4v","triggeredBy":"cli","gitCommitSha":"c2ba2a63db02987aa75e04fd3d9e9cbf451136c6","gitBranch":"feature/heatmap-rebuild","gitCommitMessage":"feat: wire the tall-building overlay to real data\n\nThe \"Tall-building areas\" toggle existed but nothing fed its layer - the\nsame trust bug as the jargon labels. Now it shows the high-rise cells\n(buildingDensity >= 0.5) from the same physics grid, so every toggle does\nexactly what its label says.\n\nGenerated with Codebuff\nCo-Authored-By: Codebuff <noreply@codebuff.com>"}
[2026-09-29T11:28:54.768Z] [api] Response: 201 Created
[2026-09-29T11:28:54.770Z] [api] PUT <presigned> (3326205 bytes)
[2026-09-29T11:28:57.886Z] [api] Response: 200 OK
[2026-09-29T11:28:57.887Z] [api] POST https://api.prod.specific.dev/deployments/depl_0y5f8e9k8swh5hzk/uploaded (appPath: .)
[2026-09-29T11:28:58.981Z] [api] Response: 200 OK
[2026-09-29T11:29:00.992Z] [api] GET https://api.prod.specific.dev/deployments/depl_0y5f8e9k8swh5hzk
[2026-09-29T11:29:01.244Z] [api] Response: 200 OK
[2026-09-29T11:29:03.246Z] [api] GET https://api.prod.specific.dev/deployments/depl_0y5f8e9k8swh5hzk
[2026-09-29T11:29:03.472Z] [api] Response: 200 OK
[2026-09-29T11:29:05.473Z] [api] GET https://api.prod.specific.dev/deployments/depl_0y5f8e9k8swh5hzk
[2026-09-29T11:29:05.737Z] [api] Response: 200 OK
[2026-09-29T11:29:07.738Z] [api] GET https://api.prod.specific.dev/deployments/depl_0y5f8e9k8swh5hzk
[2026-09-29T11:29:08.120Z] [api] Response: 200 OK
[2026-09-29T11:29:10.121Z] [api] GET https://api.prod.specific.dev/deployments/depl_0y5f8e9k8swh5hzk
[2026-09-29T11:29:10.447Z] [api] Response: 200 OK
[2026-09-29T11:29:12.453Z] [api] GET https://api.prod.specific.dev/deployments/depl_0y5f8e9k8swh5hzk
[2026-09-29T11:29:12.671Z] [api] Response: 200 OK
[2026-09-29T11:29:14.679Z] [api] GET https://api.prod.specific.dev/deployments/depl_0y5f8e9k8swh5hzk
[2026-09-29T11:29:14.903Z] [api] Response: 200 OK
[2026-09-29T11:29:16.904Z] [api] GET https://api.prod.specific.dev/deployments/depl_0y5f8e9k8swh5hzk
[2026-09-29T11:29:17.290Z] [api] Response: 200 OK
[2026-09-29T11:29:19.293Z] [api] GET https://api.prod.specific.dev/deployments/depl_0y5f8e9k8swh5hzk
[2026-09-29T11:29:19.604Z] [api] Response: 200 OK
[2026-09-29T11:29:21.607Z] [api] GET https://api.prod.specific.dev/deployments/depl_0y5f8e9k8swh5hzk
[2026-09-29T11:29:21.920Z] [api] Response: 200 OK
[2026-09-29T11:29:23.925Z] [api] GET https://api.prod.specific.dev/deployments/depl_0y5f8e9k8swh5hzk
[2026-09-29T11:29:24.173Z] [api] Response: 200 OK
[2026-09-29T11:29:26.181Z] [api] GET https://api.prod.specific.dev/deployments/depl_0y5f8e9k8swh5hzk
[2026-09-29T11:29:26.426Z] [api] Response: 200 OK
[2026-09-29T11:29:28.440Z] [api] GET https://api.prod.specific.dev/deployments/depl_0y5f8e9k8swh5hzk
[2026-09-29T11:29:28.779Z] [api] Response: 200 OK
[2026-09-29T11:29:30.781Z] [api] GET https://api.prod.specific.dev/deployments/depl_0y5f8e9k8swh5hzk
[2026-09-29T11:29:31.038Z] [api] Response: 200 OK
[2026-09-29T11:29:33.043Z] [api] GET https://api.prod.specific.dev/deployments/depl_0y5f8e9k8swh5hzk
[2026-09-29T11:29:33.267Z] [api] Response: 200 OK
[2026-09-29T11:29:35.271Z] [api] GET https://api.prod.specific.dev/deployments/depl_0y5f8e9k8swh5hzk
[2026-09-29T11:29:35.642Z] [api] Response: 200 OK
[2026-09-29T11:29:35.644Z] [api] POST https://api.prod.specific.dev/deployments/depl_0y5f8e9k8swh5hzk/start
[2026-09-29T11:29:35.944Z] [api] Response: 200 OK
[2026-09-29T11:29:35.945Z] [api] GET https://api.prod.specific.dev/deployments/depl_0y5f8e9k8swh5hzk
[2026-09-29T11:29:36.159Z] [api] Response: 200 OK
[2026-09-29T11:29:38.162Z] [api] GET https://api.prod.specific.dev/deployments/depl_0y5f8e9k8swh5hzk
[2026-09-29T11:29:38.377Z] [api] Response: 200 OK
[2026-09-29T11:29:40.387Z] [api] GET https://api.prod.specific.dev/deployments/depl_0y5f8e9k8swh5hzk
[2026-09-29T11:29:40.602Z] [api] Response: 200 OK
[2026-09-29T11:29:42.608Z] [api] GET https://api.prod.specific.dev/deployments/depl_0y5f8e9k8swh5hzk
[2026-09-29T11:29:42.958Z] [api] Response: 200 OK
[2026-09-29T11:29:44.964Z] [api] GET https://api.prod.specific.dev/deployments/depl_0y5f8e9k8swh5hzk
[2026-09-29T11:29:45.187Z] [api] Response: 200 OK
[2026-09-29T11:29:47.188Z] [api] GET https://api.prod.specific.dev/deployments/depl_0y5f8e9k8swh5hzk
[2026-09-29T11:29:47.411Z] [api] Response: 200 OK
[2026-09-29T11:29:49.419Z] [api] GET https://api.prod.specific.dev/deployments/depl_0y5f8e9k8swh5hzk
[2026-09-29T11:29:49.769Z] [api] Response: 200 OK
